[    0.000000] Initializing cgroup subsys cpuset
[    0.000000] Initializing cgroup subsys cpu
[    0.000000] Initializing cgroup subsys cpuacct
[    0.000000] Linux version 4.4.0-66-generic (buildd@lgw01-28) (gcc version 5.4.0 20160609 (Ubuntu 5.4.0-6ubuntu1~16.04.4) ) #87-Ubuntu SMP Fri Mar 3 15:29:05 UTC 2017 (Ubuntu 4.4.0-66.87-generic 4.4.44)
[    0.000000] Command line: BOOT_IMAGE=/boot/vmlinuz-4.4.0-66-generic root=LABEL=cloudimg-rootfs ro console=tty1 console=ttyS0
[    0.000000] KERNEL supported cpus:
[    0.000000]   Intel GenuineIntel
[    0.000000]   AMD AuthenticAMD
[    0.000000]   Centaur CentaurHauls
[    0.000000] x86/fpu: xstate_offset[2]:  576, xstate_sizes[2]:  256
[    0.000000] x86/fpu: Supporting XSAVE feature 0x01: 'x87 floating point registers'
[    0.000000] x86/fpu: Supporting XSAVE feature 0x02: 'SSE registers'
[    0.000000] x86/fpu: Supporting XSAVE feature 0x04: 'AVX registers'
[    0.000000] x86/fpu: Enabled xstate features 0x7, context size is 832 bytes, using 'standard' format.
[    0.000000] x86/fpu: Using 'lazy' FPU context switches.
[    0.000000] e820: BIOS-provided physical RAM map:
[    0.000000] BIOS-e820: [mem 0x0000000000000000-0x000000000009fbff] usable
[    0.000000] BIOS-e820: [mem 0x000000000009fc00-0x000000000009ffff] reserved
[    0.000000] BIOS-e820: [mem 0x00000000000f0000-0x00000000000fffff] reserved
[    0.000000] BIOS-e820: [mem 0x0000000000100000-0x000000003ffeffff] usable
[    0.000000] BIOS-e820: [mem 0x000000003fff0000-0x000000003fffffff] ACPI data
[    0.000000] BIOS-e820: [mem 0x00000000fec00000-0x00000000fec00fff] reserved
[    0.000000] BIOS-e820: [mem 0x00000000fee00000-0x00000000fee00fff] reserved
[    0.000000] BIOS-e820: [mem 0x00000000fffc0000-0x00000000ffffffff] reserved
[    0.000000] NX (Execute Disable) protection: active
[    0.000000] SMBIOS 2.5 present.
[    0.000000] Hypervisor detected: KVM
[    0.000000] e820: last_pfn = 0x3fff0 max_arch_pfn = 0x400000000
[    0.000000] MTRR: Disabled
[    0.000000] x86/PAT: MTRRs disabled, skipping PAT initialization too.
[    0.000000] x86/PAT: Configuration [0-7]: WB  WT  UC- UC  WB  WT  UC- UC  
[    0.000000] CPU MTRRs all blank - virtualized system.
[    0.000000] found SMP MP-table at [mem 0x0009fff0-0x0009ffff] mapped at [ffff88000009fff0]
[    0.000000] Scanning 1 areas for low memory corruption
[    0.000000] RAMDISK: [mem 0x36ace000-0x3755efff]
[    0.000000] ACPI: Early table checksum verification disabled
[    0.000000] ACPI: RSDP 0x00000000000E0000 000024 (v02 VBOX  )
[    0.000000] ACPI: XSDT 0x000000003FFF0030 00003C (v01 VBOX   VBOXXSDT 00000001 ASL  00000061)
[    0.000000] ACPI: FACP 0x000000003FFF00F0 0000F4 (v04 VBOX   VBOXFACP 00000001 ASL  00000061)
[    0.000000] ACPI: DSDT 0x000000003FFF0470 0021C8 (v02 VBOX   VBOXBIOS 00000002 INTL 20100528)
[    0.000000] ACPI: FACS 0x000000003FFF0200 000040
[    0.000000] ACPI: FACS 0x000000003FFF0200 000040
[    0.000000] ACPI: APIC 0x000000003FFF0240 000054 (v02 VBOX   VBOXAPIC 00000001 ASL  00000061)
[    0.000000] ACPI: SSDT 0x000000003FFF02A0 0001CC (v01 VBOX   VBOXCPUT 00000002 INTL 20100528)
[    0.000000] No NUMA configuration found
[    0.000000] Faking a node at [mem 0x0000000000000000-0x000000003ffeffff]
[    0.000000] NODE_DATA(0) allocated [mem 0x3ffeb000-0x3ffeffff]
[    0.000000] kvm-clock: Using msrs 4b564d01 and 4b564d00
[    0.000000] kvm-clock: cpu 0, msr 0:3ffe3001, primary cpu clock
[    0.000000] kvm-clock: using sched offset of 3878091469 cycles
[    0.000000] clocksource: kvm-clock: mask: 0xffffffffffffffff max_cycles: 0x1cd42e4dffb, max_idle_ns: 881590591483 ns
[    0.000000] Zone ranges:
[    0.000000]   DMA      [mem 0x0000000000001000-0x0000000000ffffff]
[    0.000000]   DMA32    [mem 0x0000000001000000-0x000000003ffeffff]
[    0.000000]   Normal   empty
[    0.000000]   Device   empty
[    0.000000] Movable zone start for each node
[    0.000000] Early memory node ranges
[    0.000000]   node   0: [mem 0x0000000000001000-0x000000000009efff]
[    0.000000]   node   0: [mem 0x0000000000100000-0x000000003ffeffff]
[    0.000000] Initmem setup node 0 [mem 0x0000000000001000-0x000000003ffeffff]
[    0.000000] ACPI: PM-Timer IO Port: 0x4008
[    0.000000] IOAPIC[0]: apic_id 1, version 32, address 0xfec00000, GSI 0-23
[    0.000000] ACPI: INT_SRC_OVR (bus 0 bus_irq 0 global_irq 2 dfl dfl)
[    0.000000] ACPI: INT_SRC_OVR (bus 0 bus_irq 9 global_irq 9 high level)
[    0.000000] Using ACPI (MADT) for SMP configuration information
[    0.000000] smpboot: Allowing 1 CPUs, 0 hotplug CPUs
[    0.000000] PM: Registered nosave memory: [mem 0x00000000-0x00000fff]
[    0.000000] PM: Registered nosave memory: [mem 0x0009f000-0x0009ffff]
[    0.000000] PM: Registered nosave memory: [mem 0x000a0000-0x000effff]
[    0.000000] PM: Registered nosave memory: [mem 0x000f0000-0x000fffff]
[    0.000000] e820: [mem 0x40000000-0xfebfffff] available for PCI devices
[    0.000000] Booting paravirtualized kernel on KVM
[    0.000000] clocksource: refined-jiffies: mask: 0xffffffff max_cycles: 0xffffffff, max_idle_ns: 7645519600211568 ns
[    0.000000] setup_percpu: NR_CPUS:512 nr_cpumask_bits:512 nr_cpu_ids:1 nr_node_ids:1
[    0.000000] PERCPU: Embedded 33 pages/cpu @ffff88003fc00000 s98264 r8192 d28712 u2097152
[    0.000000] PV qspinlock hash table entries: 256 (order: 0, 4096 bytes)
[    0.000000] Built 1 zonelists in Node order, mobility grouping on.  Total pages: 257913
[    0.000000] Policy zone: DMA32
[    0.000000] Kernel command line: BOOT_IMAGE=/boot/vmlinuz-4.4.0-66-generic root=LABEL=cloudimg-rootfs ro console=tty1 console=ttyS0
[    0.000000] PID hash table entries: 4096 (order: 3, 32768 bytes)
[    0.000000] Memory: 1001888K/1048120K available (8452K kernel code, 1293K rwdata, 3980K rodata, 1488K init, 1316K bss, 46232K reserved, 0K cma-reserved)
[    0.000000] SLUB: HWalign=64, Order=0-3, MinObjects=0, CPUs=1, Nodes=1
[    0.000000] Hierarchical RCU implementation.
[    0.000000] 	Build-time adjustment of leaf fanout to 64.
[    0.000000] 	RCU restricting CPUs from NR_CPUS=512 to nr_cpu_ids=1.
[    0.000000] RCU: Adjusting geometry for rcu_fanout_leaf=64, nr_cpu_ids=1
[    0.000000] NR_IRQS:33024 nr_irqs:256 16
[    0.000000] Console: colour VGA+ 80x25
[    0.000000] console [tty1] enabled
[    0.000000] console [ttyS0] enabled
[    0.000000] tsc: Detected 2394.456 MHz processor
[    2.852058] Calibrating delay loop (skipped) preset value.. 4788.91 BogoMIPS (lpj=9577824)
[    2.857024] pid_max: default: 32768 minimum: 301
[    2.858149] ACPI: Core revision 20150930
[    2.860442] ACPI: 2 ACPI AML tables successfully acquired and loaded
[    2.861778] Security Framework initialized
[    2.862631] Yama: becoming mindful.
[    2.865102] AppArmor: AppArmor initialized
[    2.866047] Dentry cache hash table entries: 131072 (order: 8, 1048576 bytes)
[    2.868531] Inode-cache hash table entries: 65536 (order: 7, 524288 bytes)
[    2.883310] Mount-cache hash table entries: 2048 (order: 2, 16384 bytes)
[    2.885929] Mountpoint-cache hash table entries: 2048 (order: 2, 16384 bytes)
[    2.897182] Initializing cgroup subsys io
[    2.899287] Initializing cgroup subsys memory
[    2.900369] Initializing cgroup subsys devices
[    2.909802] Initializing cgroup subsys freezer
[    2.912544] Initializing cgroup subsys net_cls
[    2.914122] Initializing cgroup subsys perf_event
[    2.915773] Initializing cgroup subsys net_prio
[    2.919256] Initializing cgroup subsys hugetlb
[    2.920223] Initializing cgroup subsys pids
[    2.921195] CPU: Physical Processor ID: 0
[    2.924029] mce: CPU supports 0 MCE banks
[    2.927586] process: using mwait in idle threads
[    2.928595] Last level iTLB entries: 4KB 64, 2MB 8, 4MB 8
[    2.929662] Last level dTLB entries: 4KB 64, 2MB 0, 4MB 0, 1GB 4
[    2.951601] Freeing SMP alternatives memory: 32K (ffffffff820b9000 - ffffffff820c1000)
[    2.975151] ftrace: allocating 32123 entries in 126 pages
[    3.035346] smpboot: APIC(0) Converting physical 0 to logical package 0
[    3.044120] smpboot: Max logical packages: 1
[    3.053279] x2apic enabled
[    3.054165] Switched APIC routing to physical x2apic.
[    3.056450] ..TIMER: vector=0x30 apic1=0 pin1=2 apic2=-1 pin2=-1
[    3.168273] smpboot: CPU0: Intel(R) Core(TM) i7-5500U CPU @ 2.40GHz (family: 0x6, model: 0x3d, stepping: 0x4)
[    3.246542] Performance Events: unsupported p6 CPU model 61 no PMU driver, software events only.
[    3.251679] KVM setup paravirtual spinlock
[    3.254986] x86: Booted up 1 node, 1 CPUs
[    3.295124] smpboot: Total of 1 processors activated (4788.91 BogoMIPS)
[    3.345481] devtmpfs: initialized
[    3.350471] evm: security.selinux
[    3.411067] evm: security.SMACK64
[    3.462092] evm: security.SMACK64EXEC
[    3.522121] evm: security.SMACK64TRANSMUTE
[    3.594223] evm: security.SMACK64MMAP
[    3.656911] evm: security.ima
[    3.684392] evm: security.capability
[    3.685566] clocksource: jiffies: mask: 0xffffffff max_cycles: 0xffffffff, max_idle_ns: 7645041785100000 ns
[    3.689001] pinctrl core: initialized pinctrl subsystem
[    3.746608] RTC time: 15:50:03, date: 04/25/17
[    3.773244] NET: Registered protocol family 16
[    3.807200] cpuidle: using governor ladder
[    3.823475] cpuidle: using governor menu
[    3.839898] PCCT header not found.
[    3.860885] ACPI: bus type PCI registered
[    3.863871] acpiphp: ACPI Hot Plug PCI Controller Driver version: 0.5
[    3.870006] PCI: Using configuration type 1 for base access
[    3.904388] ACPI: Added _OSI(Module Device)
[    3.928874] ACPI: Added _OSI(Processor Device)
[    3.929838] ACPI: Added _OSI(3.0 _SCP Extensions)
[    3.981080] ACPI: Added _OSI(Processor Aggregator Device)
[    4.057614] ACPI: Executed 1 blocks of module-level executable AML code
[    4.100948] ACPI: Interpreter enabled
[    4.168070] ACPI: (supports S0 S5)
[    4.224230] ACPI: Using IOAPIC for interrupt routing
[    4.262007] PCI: Using host bridge windows from ACPI; if necessary, use "pci=nocrs" and report a bug
[    4.284901] ACPI: PCI Root Bridge [PCI0] (domain 0000 [bus 00-ff])
[    4.293685] acpi PNP0A03:00: _OSC: OS supports [ASPM ClockPM Segments MSI]
[    4.313446] acpi PNP0A03:00: _OSC failed (AE_NOT_FOUND); disabling ASPM
[    4.371390] acpi PNP0A03:00: fail to add MMCONFIG information, can't access extended PCI configuration space under this bridge.
[    4.501186] PCI host bridge to bus 0000:00
[    4.549881] pci_bus 0000:00: root bus resource [io  0x0000-0x0cf7 window]
[    4.613905] pci_bus 0000:00: root bus resource [io  0x0d00-0xffff window]
[    4.631609] pci_bus 0000:00: root bus resource [mem 0x000a0000-0x000bffff window]
[    4.648140] pci_bus 0000:00: root bus resource [mem 0x40000000-0xffdfffff window]
[    4.661007] pci_bus 0000:00: root bus resource [bus 00-ff]
[    4.674815] pci 0000:00:01.1: legacy IDE quirk: reg 0x10: [io  0x01f0-0x01f7]
[    4.686079] pci 0000:00:01.1: legacy IDE quirk: reg 0x14: [io  0x03f6]
[    4.695899] pci 0000:00:01.1: legacy IDE quirk: reg 0x18: [io  0x0170-0x0177]
[    4.701645] pci 0000:00:01.1: legacy IDE quirk: reg 0x1c: [io  0x0376]
[    4.734655] pci 0000:00:07.0: quirk: [io  0x4000-0x403f] claimed by PIIX4 ACPI
[    4.748791] pci 0000:00:07.0: quirk: [io  0x4100-0x410f] claimed by PIIX4 SMB
[    4.760807] ACPI: PCI Interrupt Link [LNKA] (IRQs 5 9 10 *11)
[    4.777898] ACPI: PCI Interrupt Link [LNKB] (IRQs 5 9 10 *11)
[    4.792939] ACPI: PCI Interrupt Link [LNKC] (IRQs 5 9 *10 11)
[    4.816519] ACPI: PCI Interrupt Link [LNKD] (IRQs 5 *9 10 11)
[    4.829135] ACPI: Enabled 2 GPEs in block 00 to 07
[    4.856880] vgaarb: setting as boot device: PCI:0000:00:02.0
[    4.860902] vgaarb: device added: PCI:0000:00:02.0,decodes=io+mem,owns=io+mem,locks=none
[    4.869069] vgaarb: loaded
[    4.888180] vgaarb: bridge control possible 0000:00:02.0
[    4.896068] SCSI subsystem initialized
[    4.913047] ACPI: bus type USB registered
[    4.920532] usbcore: registered new interface driver usbfs
[    4.928840] usbcore: registered new interface driver hub
[    4.935231] usbcore: registered new device driver usb
[    4.943816] PCI: Using ACPI for IRQ routing
[    4.955477] NetLabel: Initializing
[    4.958769] NetLabel:  domain hash size = 128
[    4.961151] NetLabel:  protocols = UNLABELED CIPSOv4
[    4.966210] NetLabel:  unlabeled traffic allowed by default
[    4.968877] amd_nb: Cannot enumerate AMD northbridges
[    4.986624] clocksource: Switched to clocksource kvm-clock
[    5.004387] AppArmor: AppArmor Filesystem Enabled
[    5.110479] pnp: PnP ACPI init
[    5.126636] pnp: PnP ACPI: found 3 devices
[    5.132857] clocksource: acpi_pm: mask: 0xffffff max_cycles: 0xffffff, max_idle_ns: 2085701024 ns
[    5.137574] NET: Registered protocol family 2
[    5.138450] TCP established hash table entries: 8192 (order: 4, 65536 bytes)
[    5.150061] TCP bind hash table entries: 8192 (order: 5, 131072 bytes)
[    5.262755] TCP: Hash tables configured (established 8192 bind 8192)
[    5.347627] UDP hash table entries: 512 (order: 2, 16384 bytes)
[    5.457891] UDP-Lite hash table entries: 512 (order: 2, 16384 bytes)
[    5.508410] NET: Registered protocol family 1
[    5.554886] pci 0000:00:00.0: Limiting direct PCI/PCI transfers
[    5.673329] pci 0000:00:01.0: Activating ISA DMA hang workarounds
[    5.731636] Trying to unpack rootfs image as initramfs...
[    7.674507] Freeing initrd memory: 10820K (ffff880036ace000 - ffff88003755f000)
[    7.750374] RAPL PMU detected, API unit is 2^-32 Joules, 4 fixed counters 10737418240 ms ovfl timer
[    7.816995] hw unit of domain pp0-core 2^-0 Joules
[    7.911829] hw unit of domain package 2^-0 Joules
[    7.963048] hw unit of domain dram 2^-0 Joules
[    8.009330] hw unit of domain pp1-gpu 2^-0 Joules
[    8.010644] platform rtc_cmos: registered platform RTC device (no PNP device found)
[    8.026685] Scanning for low memory corruption every 60 seconds
[    8.046373] futex hash table entries: 256 (order: 2, 16384 bytes)
[    8.058039] audit: initializing netlink subsys (disabled)
[    8.071877] audit: type=2000 audit(1493135408.740:1): initialized
[    8.103303] Initialise system trusted keyring
[    8.116064] HugeTLB registered 2 MB page size, pre-allocated 0 pages
[    8.122939] zbud: loaded
[    8.130472] VFS: Disk quotas dquot_6.6.0
[    8.138006] VFS: Dquot-cache hash table entries: 512 (order 0, 4096 bytes)
[    8.143637] squashfs: version 4.0 (2009/01/31) Phillip Lougher
[    8.146767] fuse init (API version 7.23)
[    8.147964] Key type big_key registered
[    8.150539] Allocating IMA MOK and blacklist keyrings.
[    8.152105] Key type asymmetric registered
[    8.155093] Asymmetric key parser 'x509' registered
[    8.165816] Block layer SCSI generic (bsg) driver version 0.4 loaded (major 249)
[    8.167179] io scheduler noop registered
[    8.167880] io scheduler deadline registered (default)
[    8.168754] io scheduler cfq registered
[    8.169550] pci_hotplug: PCI Hot Plug PCI Core version: 0.5
[    8.170512] pciehp: PCI Express Hot Plug Controller Driver version: 0.4
[    8.171716] ACPI: AC Adapter [AC] (off-line)
[    8.172503] input: Power Button as /devices/LNXSYSTM:00/LNXPWRBN:00/input/input0
[    8.198092] ACPI: Power Button [PWRF]
[    8.198866] input: Sleep Button as /devices/LNXSYSTM:00/LNXSLPBN:00/input/input1
[    8.200173] ACPI: Sleep Button [SLPF]
[    8.201444] ACPI: Battery Slot [BAT0] (battery present)
[    8.202354] GHES: HEST is not enabled!
[    8.210798] Serial: 8250/16550 driver, 32 ports, IRQ sharing enabled
[    8.236307] 00:02: ttyS0 at I/O 0x3f8 (irq = 4, base_baud = 115200) is a 16550A
[    8.262339] Linux agpgart interface v0.103
[    8.327760] brd: module loaded
[    8.346941] loop: module loaded
[    8.418714] scsi host0: ata_piix
[    8.472307] scsi host1: ata_piix
[    8.535058] ata1: PATA max UDMA/33 cmd 0x1f0 ctl 0x3f6 bmdma 0xd000 irq 14
[    8.625102] ata2: PATA max UDMA/33 cmd 0x170 ctl 0x376 bmdma 0xd008 irq 15
[    8.716142] libphy: Fixed MDIO Bus: probed
[    8.767871] tun: Universal TUN/TAP device driver, 1.6
[    8.777468] tun: (C) 1999-2004 Max Krasnyansky <maxk@qualcomm.com>
[    8.817875] PPP generic driver version 2.4.2
[    8.879757] ehci_hcd: USB 2.0 'Enhanced' Host Controller (EHCI) Driver
[    8.978392] ehci-pci: EHCI PCI platform driver
[    9.020970] tsc: Refined TSC clocksource calibration: 2394.847 MHz
[    9.034218] clocksource: tsc: mask: 0xffffffffffffffff max_cycles: 0x228533a2f07, max_idle_ns: 440795237793 ns
[    9.070503] ehci-platform: EHCI generic platform driver
[    9.159878] ohci_hcd: USB 1.1 'Open' Host Controller (OHCI) Driver
[    9.162595] ohci-pci: OHCI PCI platform driver
[    9.182564] ohci-platform: OHCI generic platform driver
[    9.195144] uhci_hcd: USB Universal Host Controller Interface driver
[    9.203272] i8042: PNP: PS/2 Controller [PNP0303:PS2K,PNP0f03:PS2M] at 0x60,0x64 irq 1,12
[    9.240301] serio: i8042 KBD port at 0x60,0x64 irq 1
[    9.296758] serio: i8042 AUX port at 0x60,0x64 irq 12
[    9.352602] mousedev: PS/2 mouse device common for all mice
[    9.369682] input: AT Translated Set 2 keyboard as /devices/platform/i8042/serio0/input/input2
[    9.453405] rtc_cmos rtc_cmos: rtc core: registered rtc_cmos as rtc0
[    9.526768] rtc_cmos rtc_cmos: alarms up to one day, 114 bytes nvram
[    9.619139] i2c /dev entries driver
[    9.691816] device-mapper: uevent: version 1.0.3
[    9.701040] device-mapper: ioctl: 4.34.0-ioctl (2015-10-28) initialised: dm-devel@redhat.com
[    9.769719] ledtrig-cpu: registered to indicate activity on CPUs
[    9.796436] NET: Registered protocol family 10
[    9.797575] NET: Registered protocol family 17
[    9.800363] Key type dns_resolver registered
[    9.802224] microcode: CPU0 sig=0x306d4, pf=0x40, revision=0x0
[    9.804237] microcode: Microcode Update Driver: v2.01 <tigran@aivazian.fsnet.co.uk>, Peter Oruba
[    9.806384] registered taskstats version 1
[    9.854406] Loading compiled-in X.509 certificates
[    9.917245] Loaded X.509 cert 'Build time autogenerated kernel key: 32ca4feee90b5cde51f5f8c0e024b22f8c679982'
[    9.994715] zswap: loaded using pool lzo/zbud
[   10.033792] Key type trusted registered
[   10.045089] Key type encrypted registered
[   10.119113] AppArmor: AppArmor sha1 policy hashing enabled
[   10.147534] ima: No TPM chip found, activating TPM-bypass!
[   10.210828] evm: HMAC attrs: 0x1
[   10.216540]   Magic number: 13:245:842
[   10.219506] rtc_cmos rtc_cmos: setting system clock to 2017-04-25 15:50:10 UTC (1493135410)
[   10.221278] BIOS EDD facility v0.16 2004-Jun-25, 0 devices found
[   10.232807] EDD information not available.
[   10.266277] Freeing unused kernel memory: 1488K (ffffffff81f45000 - ffffffff820b9000)
[   10.298825] Write protecting the kernel read-only data: 14336k
[   10.340890] Freeing unused kernel memory: 1776K (ffff880001844000 - ffff880001a00000)
[   10.481853] Freeing unused kernel memory: 116K (ffff880001de3000 - ffff880001e00000)
Loading, please [   10.520903] random: systemd-udevd: uninitialized urandom read (16 bytes read, 5 bits of entropy available)
wait...
startin[   10.659428] random: udevadm: uninitialized urandom read (16 bytes read, 5 bits of entropy available)
g version 229
[   10.774905] random: udevadm: uninitialized urandom read (16 bytes read, 5 bits of entropy available)
[   10.824415] random: systemd-udevd: uninitialized urandom read (16 bytes read, 5 bits of entropy available)
[   10.838939] random: systemd-udevd: uninitialized urandom read (16 bytes read, 5 bits of entropy available)
[   10.961133] random: udevadm: uninitialized urandom read (16 bytes read, 5 bits of entropy available)
[   11.077161] random: systemd-udevd: uninitialized urandom read (16 bytes read, 5 bits of entropy available)
[   11.201004] random: udevadm: uninitialized urandom read (16 bytes read, 5 bits of entropy available)
[   11.273833] random: udevadm: uninitialized urandom read (16 bytes read, 5 bits of entropy available)
[   11.314487] random: udevadm: uninitialized urandom read (16 bytes read, 5 bits of entropy available)
[   11.451459] e1000: Intel(R) PRO/1000 Network Driver - version 7.3.21-k8-NAPI
[   11.541065] e1000: Copyright (c) 1999-2006 Intel Corporation.
[   11.633734] Fusion MPT base driver 3.04.20
[   11.712282] Copyright (c) 1999-2008 LSI Corporation
[   11.792140] AVX version of gcm_enc/dec engaged.
[   11.832958] AES CTR mode by8 optimization enabled
[   11.835408] input: ImExPS/2 Generic Explorer Mouse as /devices/platform/i8042/serio1/input/input4
[   11.911882] Fusion MPT SPI Host driver 3.04.20
[   12.407495] e1000 0000:00:03.0 eth0: (PCI:33MHz:32-bit) 02:2d:8f:cf:d6:cd
[   12.419747] e1000 0000:00:03.0 eth0: Intel(R) PRO/1000 Network Connection
[   12.447133] e1000 0000:00:03.0 enp0s3: renamed from eth0
[   12.489762] mptbase: ioc0: Initiating bringup
[   12.591676] ioc0: LSI53C1030 A0: Capabilities={Initiator}
[   12.820122] scsi host2: ioc0: LSI53C1030 A0, FwRev=00000000h, Ports=1, MaxQ=256, IRQ=20
[   13.020139] scsi 2:0:0:0: Direct-Access     VBOX     HARDDISK         1.0  PQ: 0 ANSI: 5
[   13.068075] scsi target2:0:0: Beginning Domain Validation
[   13.151897] scsi target2:0:0: Domain Validation skipping write tests
[   13.229586] scsi target2:0:0: Ending Domain Validation
[   13.291291] scsi target2:0:0: asynchronous
[   13.349564] scsi 2:0:1:0: Direct-Access     VBOX     HARDDISK         1.0  PQ: 0 ANSI: 5
[   13.487081] scsi target2:0:1: Beginning Domain Validation
[   13.502138] scsi target2:0:1: Domain Validation skipping write tests
[   13.528897] scsi target2:0:1: Ending Domain Validation
[   13.537481] scsi target2:0:1: asynchronous
[   13.549855] sd 2:0:0:0: Attached scsi generic sg0 type 0
[   13.604419] sd 2:0:0:0: [sda] 20971520 512-byte logical blocks: (10.7 GB/10.0 GiB)
[   13.706425] sd 2:0:1:0: [sdb] 20480 512-byte logical blocks: (10.5 MB/10.0 MiB)
[   13.798020] sd 2:0:1:0: Attached scsi generic sg1 type 0
[   13.856688] sd 2:0:0:0: [sda] Write Protect is off
[   13.940751] sd 2:0:1:0: [sdb] Write Protect is off
[   13.994698] sd 2:0:0:0: [sda] Incomplete mode parameter data
[   14.086214] sd 2:0:0:0: [sda] Assuming drive cache: write through
[   14.179577] sd 2:0:1:0: [sdb] Incomplete mode parameter data
[   14.241797] sd 2:0:1:0: [sdb] Assuming drive cache: write through
[   14.309450]  sda: sda1
[   14.342428] sd 2:0:0:0: [sda] Attached SCSI disk
[   14.393162] sd 2:0:1:0: [sdb] Attached SCSI disk
[   14.840601] floppy0: no floppy controllers found
Begin: Loading e[   16.425955] md: linear personality registered for level -1
ssential drivers[   16.493013] md: multipath personality registered for level -4
 ... [   16.584626] md: raid0 personality registered for level 0
[   16.666306] md: raid1 personality registered for level 1
[   16.822928] raid6: sse2x1   gen()  4245 MB/s
[   16.950903] raid6: sse2x1   xor()  4795 MB/s
[   17.046938] raid6: sse2x2   gen()  6964 MB/s
[   17.123012] raid6: sse2x2   xor()  6666 MB/s
[   17.211074] raid6: sse2x4   gen()  9707 MB/s
[   17.327140] raid6: sse2x4   xor()  6764 MB/s
[   17.370625] raid6: using algorithm sse2x4 gen() 9707 MB/s
[   17.377023] raid6: .... xor() 6764 MB/s, rmw enabled
[   17.383304] raid6: using ssse3x2 recovery algorithm
[   17.449969] xor: automatically using best checksumming function:
[   17.558803]    avx       : 18159.000 MB/sec
[   17.598210] async_tx: api initialized (async)
[   17.696717] md: raid6 personality registered for level 6
[   17.730375] md: raid5 personality registered for level 5
[   17.763625] md: raid4 personality registered for level 4
[   17.775750] md: raid10 personality registered for level 10
done.
Begin: Running /scripts/init-premount ... done[   17.914688] Btrfs loaded
.
Begin: Mounting root file system ... Begin: Running /scripts/local-top ... done.
Begin: Running /scripts/local-premount ... Scanning for Btrfs filesystems
done.
Warning: [   17.996807] EXT4-fs (sda1): mounted filesystem with ordered data mode. Opts: (null)
fsck not present, so skipping root file system
done.
Begin: Running /scripts/local-bottom ... done.
Begin: Running /scripts/init-bottom ... done.
[   18.180305] systemd[1]: systemd 229 running in system mode. (+PAM +AUDIT +SELINUX +IMA +APPARMOR +SMACK +SYSVINIT +UTMP +LIBCRYPTSETUP +GCRYPT +GNUTLS +ACL +XZ -LZ4 +SECCOMP +BLKID +ELFUTILS +KMOD -IDN)
[   18.352355] systemd[1]: Detected virtualization oracle.
[   18.386677] systemd[1]: Detected architecture x86-64.

Welcome to [1mUbuntu 16.04.2 LTS[0m!

[   18.451610] systemd[1]: Set hostname to <ubuntu>.
[   18.508579] systemd[1]: Initializing machine ID from random generator.
[   18.562960] systemd[1]: Installed transient /etc/machine-id file.
[   18.922395] systemd[1]: Listening on udev Control Socket.
[[0;32m  OK  [0m] Listening on udev Control Socket.
[   19.007501] systemd[1]: Listening on Journal Socket.
[[0;32m  OK  [0m] Listening on Journal Socket.
[   19.072189] systemd[1]: Reached target Encrypted Volumes.
[[0;32m  OK  [0m] Reached target Encrypted Volumes.
[   19.147257] systemd[1]: Listening on Journal Socket (/dev/log).
[[0;32m  OK  [0m] Listening on Journal Socket (/dev/log).
[   19.191935] systemd[1]: Listening on Device-mapper event daemon FIFOs.
[[0;32m  OK  [0m] Listening on Device-mapper event daemon FIFOs.
[   19.236009] systemd[1]: Created slice User and Session Slice.
[[0;32m  OK  [0m] Created slice User and Session Slice.
[   19.275204] systemd[1]: Reached target Swap.
[[0;32m  OK  [0m] Reached target Swap.
[   19.303522] systemd[1]: Set up automount Arbitrary Executable File Formats File System Automount Point.
[[0;32m  OK  [0m] Set up automount Arbitrary Executab...ats File System Automount Point.
[   19.456483] systemd[1]: Created slice System Slice.
[[0;32m  OK  [0m] Created slice System Slice.
[   19.551377] systemd[1]: Starting Remount Root and Kernel File Systems...
[   19.645411] random: nonblocking pool is initialized
         Starting Remount[   19.661129] EXT4-fs (sda1): re-mounted. Opts: (null)
 Root and Kernel File Systems...
[   19.748346] systemd[1]: Mounting POSIX Message Queue File System...
         Mounting POSIX Message Queue File System...
[   19.813874] systemd[1]: Starting Load Kernel Modules...
         Starting Load Ke[   19.873071] Loading iSCSI transport class v2.0-870.
rnel Modules...
[   19.956959] systemd[1]: Starting Set console keymap...
         [   20.001445] iscsi: registered transport (tcp)
Starting Set console keymap...
[   20.095713] systemd[1]: Starting Uncomplicated firewall...
         [   20.143640] iscsi: registered transport (iser)
Starting Uncomplicated firewall...
[   20.215878] systemd[1]: Starting Nameserver information manager...
         Starting Nameserver information manager...
[   20.287948] systemd[1]: Reached target User and Group Name Lookups.
[[0;32m  OK  [0m] Reached target User and Group Name Lookups.
[   20.291895] systemd[1]: Started Forward Password Requests to Wall Directory Watch.
[[0;32m  OK  [0m] Started Forward Password Requests to Wall Directory Watch.
[   20.320908] systemd[1]: Listening on /dev/initctl Compatibility Named Pipe.
[[0;32m  OK  [0m] Listening on /dev/initctl Compatibility Named Pipe.
[   20.383836] systemd[1]: Starting Create list of required static device nodes for the current kernel...
         Starting Create list of required st... nodes for the current kernel...
[   20.513328] systemd[1]: Mounting Huge Pages File System...
         Mounting Huge Pages File System...
[   20.598002] systemd[1]: Reached target Slices.
[[0;32m  OK  [0m] Reached target Slices.
[   20.719653] systemd[1]: Created slice system-serial\x2dgetty.slice.
[[0;32m  OK  [0m] Created slice system-serial\x2dgetty.slice.
[   20.791420] systemd[1]: Listening on Journal Audit Socket.
[[0;32m  OK  [0m] Listening on Journal Audit Socket.
[   20.873867] systemd[1]: Mounting Debug File System...
         Mounting Debug File System...
[   20.939325] systemd[1]: Listening on LVM2 metadata daemon socket.
[[0;32m  OK  [0m] Listening on LVM2 metadata daemon socket.
[   21.049754] systemd[1]: Starting Monitoring of LVM2 mirrors, snapshots etc. using dmeventd or progress polling...
         Starting Monitoring of LVM2 mirrors... dmeventd or progress polling...
[   21.213120] systemd[1]: Listening on LVM2 poll daemon socket.
[[0;32m  OK  [0m] Listening on LVM2 poll daemon socket.
[   21.267792] systemd[1]: Listening on Syslog Socket.
[[0;32m  OK  [0m] Listening on Syslog Socket.
[   21.346147] systemd[1]: Starting Journal Service...
         Starting Journal Service...
[   21.370616] systemd[1]: Listening on udev Kernel Socket.
[[0;32m  OK  [0m] Listening on udev Kernel Socket.
[   21.400639] systemd[1]: Mounted POSIX Message Queue File System.
[[0;32m  OK  [0m] Mounted POSIX Message Queue File System.
[   21.451475] systemd[1]: Mounted Huge Pages File System.
[[0;32m  OK  [0m] Mounted Huge Pages File System.
[   21.501404] systemd[1]: Mounted Debug File System.
[[0;32m  OK  [0m] Mounted Debug File System.
[   21.567527] systemd[1]: Started Journal Service.
[[0;32m  OK  [0m] Started Journal Service.
[[0;32m  OK  [0m] Started Remount Root and Kernel File Systems.
[[0;32m  OK  [0m] Started Load Kernel Modules.
[[0;32m  OK  [0m] Started Set console keymap.
[[0;32m  OK  [0m] Started Uncomplicated firewall.
[[0;32m  OK  [0m] Started Create list of required sta...ce nodes for the current kernel.
[[0;32m  OK  [0m] Started Nameserver information manager.
[[0;32m  OK  [0m] Started LVM2 metadata daemon.
         Starting Create Static Device Nodes in /dev...
         Mounting FUSE Control File System...
         Starting Apply Kernel Variables...
         Starting Load/Save Random Seed...
         Starting udev Coldplug all Devices...
         Starting Initial cloud-init job (pre-networking)...
         Starting Flush Journal to Persistent Storage...
[[0;32m  OK  [0m] Mounted FUSE Control File System.
[[0;32m  OK  [0m] Started Monitoring of LVM2 mirrors,...ng dmeventd or progress polling.
[[0;32m  OK  [0m] Started Create Static Device Nodes in /dev.
[[0;32m  OK  [0m] Started Apply Kernel Variables.
[[0;32m  OK  [0m] Started Load/Save Random Seed.
         Starting udev Kernel Device Manager...
[[0;32m  OK  [0m] Started udev Coldplug all Devices.
[[0;32m  OK  [0m] Started Flush Journal to Persistent Storage.
[[0;32m  OK  [0m] Started udev Kernel Device Manager.
[[0;32m  OK  [0m] Reached target Local File Systems (Pre).
[[0;32m  OK  [0m] Reached target Local File Systems.
         Starting Commit a transient machine-id on disk...
         Starting Tell Plymouth To Write Out Runtime Data...
         Starting Set console font and keymap...
         Starting LSB: AppArmor initialization...
         Starting Create Volatile Files and Directories...
[[0;32m  OK  [0m] Started Dispatch Password Requests to Console Directory Watch.
[[0;32m  OK  [0m] Started Commit a transient machine-id on disk.
[[0;32m  OK  [0m] Started Tell Plymouth To Write Out Runtime Data.
[[0;32m  OK  [0m] Started Create Volatile Files and Directories.
[[0;32m  OK  [0m] Found device /dev/ttyS0.
[[0;32m  OK  [0m] Reached target System Time Synchronized.
         Starting Update UTMP about System Boot/Shutdown...
[[0;32m  OK  [0m] Started Update UTMP about System Boot/Shutdown.
[[0;32m  OK  [0m] Started Set console font and keymap.
[[0;32m  OK  [0m] Created slice system-getty.slice.
[   20.221769] cloud-init[493]: Cloud-init v. 0.7.9 running 'init-local' at Tue, 25 Apr 2017 15:50:24 +0000. Up 19.41 seconds.
[[0;32m  OK  [0m] Listening on Load/Save RF Kill Switch Status /dev/rfkill Watch.
[[0;32m  OK  [0m] Started Initial cloud-init job (pre-networking).
[[0;32m  OK  [0m] Reached target Network (Pre).
[[0;32m  OK  [0m] Started LSB: AppArmor initialization.
         Starting Raise network interfaces...
[[0;32m  OK  [0m] Started Raise network interfaces.
[[0;32m  OK  [0m] Reached target Network.
         Starting Initial cloud-init job (metadata service crawler)...
[   23.349071] cloud-init[1042]: Cloud-init v. 0.7.9 running 'init' at Tue, 25 Apr 2017 15:50:27 +0000. Up 22.43 seconds.
[   23.416688] cloud-init[1042]: ci-info: +++++++++++++++++++++++++++++++++++++Net device info++++++++++++++++++++++++++++++++++++++
[[0;32m  OK  [0m] Started Initial cloud-init job (metadata service crawler).
[   23.451604] cloud-init[1042]: ci-info: +--------+------+----------------------------+---------------+-------+-------------------+
[   23.476492] cloud-init[1042]: ci-info: | Device |  Up  |          Address           |      Mask     | Scope |     Hw-Address    |
[   23.484894] cloud-init[1042]: ci-info: +--------+------+----------------------------+---------------+-------+-------------------+
[[0;32m  OK  [0m] Reached target System Initialization.
[[0;32m  OK  [0m] Started Daily Cleanup of Temporary Directories.
[   23.496249] cloud-init[1042]: ci-info: |   lo   | True |         127.0.0.1          |   255.0.0.0   |   .   |         .         |
[[0;32m  OK  [0m] Started ACPI Events Check.
[[0;32m  OK  [0m] Started Timer to automatically refresh installed snaps.
[   23.531929] cloud-init[1042]: ci-info: |   lo   | True |          ::1/128           |       .       |  host |         .         |
[[0;32m  OK  [0m] Listening on D-Bus System Message Bus Socket.
[   23.555627] cloud-init[1042]: ci-info: | enp0s3 | True |         10.0.2.15          | 255.255.255.0 |   .   | 02:2d:8f:cf:d6:cd |
[   23.584709] cloud-init[1042]: ci-info: | enp0s3 | True | fe80::2d:8fff:fecf:d6cd/64 |       .       |  link | 02:2d:8f:cf:d6:cd |
         Starting LXD - unix socket.
[[0;32m  OK  [0m] Listening on UUID daemon activation socket.
[   23.614539] cloud-init[1042]: ci-info: +--------+------+----------------------------+---------------+-------+-------------------+
[[0;32m  OK  [0m[   23.676605] cloud-init[1042]: ci-info: +++++++++++++++++++++++++++Route IPv4 info++++++++++++++++++++++++++++
[   23.676730] cloud-init[1042]: ci-info: +-------+-------------+----------+---------------+-----------+-------+
[   23.676823] cloud-init[1042]: ci-info: | Route | Destination | Gateway  |    Genmask    | Interface | Flags |
[   23.676891] cloud-init[1042]: ci-info: +-------+-------------+----------+---------------+-----------+-------+
[   23.676988] cloud-init[1042]: ci-info: |   0   |   0.0.0.0   | 10.0.2.2 |    0.0.0.0    |   enp0s3  |   UG  |
[   23.677060] cloud-init[1042]: ci-info: |   1   |   10.0.2.0  | 0.0.0.0  | 255.255.255.0 |   enp0s3  |   U   |
[   23.677123] cloud-init[1042]: ci-info: +-------+-------------+----------+---------------+-----------+-------+
[   23.677202] cloud-init[1042]: Generating public/private rsa key pair.
[   23.677257] cloud-init[1042]: Your identification has been saved in /etc/ssh/ssh_host_rsa_key.
[   23.677306] cloud-init[1042]: Your public key has been saved in /etc/ssh/ssh_host_rsa_key.pub.
[   23.677354] cloud-init[1042]: The key fingerprint is:
[   23.677402] cloud-init[1042]: SHA256:9T1SVtN8NkTajUkJqVH00CAWfGHK/02/mvGgSzfsubQ root@ubuntu-xenial
[   23.677504] cloud-init[1042]: The key's randomart image is:
[   23.677565] cloud-init[1042]: +---[RSA 2048]----+
[   23.677614] cloud-init[1042]: |         .++O*+*o|
[   23.677667] cloud-init[1042]: |         oo+o+==B|
[   23.677732] cloud-init[1042]: |          ++ .*o+|
[   23.677816] cloud-init[1042]: |         ..o +   |
[   23.677906] cloud-init[1042]: |        S   + o .|
[   23.678039] cloud-init[1042]: |            .o +.|
[   23.678133] cloud-init[1042]: |           . B. o|
[   23.678226] cloud-init[1042]: |          . = O .|
[   23.678313] cloud-init[1042]: |           o.Eoo |
[   23.678396] cloud-init[1042]: +----[SHA256]-----+
[   23.678531] cloud-init[1042]: Generating public/private dsa key pair.
[   23.678618] cloud-init[1042]: Your identification has been saved in /etc/ssh/ssh_host_dsa_key.
[   23.678706] cloud-init[1042]: Your public key has been saved in /etc/ssh/ssh_host_dsa_key.pub.
[   23.678784] cloud-init[1042]: The key fingerprint is:
[   23.678834] cloud-init[1042]: SHA256:R6rEElWGo0h5Ol4zo8VOgafdmo0OvclWiw89nAAX8JM root@ubuntu-xenial
[   23.678884] cloud-init[1042]: The key's randomart image is:
[   23.678980] cloud-init[1042]: +---[DSA 1024]----+
[   23.679053] cloud-init[1042]: |  .+. .oo        |
[   23.679114] cloud-init[1042]: |  +.++o.         |
[   23.679198] cloud-init[1042]: | ..OE+ .  .      |
[   23.679281] cloud-init[1042]: |  =o@+.  o       |
[   23.679368] cloud-init[1042]: | . OoOo S .      |
[   23.679588] cloud-init[1042]: |  + **oo .       |
[   23.679694] cloud-init[1042]: |   +.=*.         |
[   23.679788] cloud-init[1042]: |    B...         |
[   23.679883] cloud-init[1042]: |   . ..          |
] Listening on ACPID Listen Socket.
[[0;32m  OK  [0m] Started Trigger resolvconf update for networkd DNS.
[[0;32m  OK  [0m] Reached target Paths.
[[0;32m  OK  [0m] Started Daily apt activities.
[[0;32m  OK  [0m] Reached target Timers.
         Starting Socket activation for snappy daemon.
[[0;32m  OK  [0m] Reached target Cloud-config availability.
[[0;32m  OK  [0m] Reached target Network is Online.
         Starting iSCSI initiator daemon (iscsid)...
[[0;32m  OK  [0m] Listening on LXD - unix socket.
[[0;32m  OK  [0m] Listening on Socket activation for snappy daemon.
[[0;32m  OK  [0m] Reached target Sockets.
[[0;32m  OK  [0m] Reached target Basic System.
[[0;32m  OK  [0m] Started Regular background program processing daemon.
         Starting System Logging Service...
[   23.680183] cloud-init[1042]: +----[SHA256]-----+
[[0;32m  OK  [0m] Started Deferred execution scheduler.
[   24.179027] cloud-init[1042]: Generating public/private ecdsa key pair.
         Starting Apply the settings specified in cloud-config...
         Starting LXD - container startup/shutdown...
         Starting /etc/rc.local Compatibility...
         Starting Pollinate to seed the pseudo random number generator...
[[0;32m  OK  [0m] Started D-Bus System Message Bus.
[   24.198305] cloud-init[1042]: Your identification has been saved in /etc/ssh/ssh_host_ecdsa_key.
[   24.297680] cloud-init[1042]: Your public key has been saved in /etc/ssh/ssh_host_ecdsa_key.pub.
[   24.305723] cloud-init[1042]: The key fingerprint is:
[   24.312577] cloud-init[1042]: SHA256:J8zT+mkF+WWIO4oFmG2R1rydJPLo/viXEjid8jhQsu8 root@ubuntu-xenial
[   24.329200] cloud-init[1042]: The key's randomart image is:
         Starting Accounts Service...
[   24.334206] [[0;32m  OK  [0m] Started ACPI event daemon.
         Starting LSB: Record successful boot for GRUB...
[[0;32m  OK  [0m] Started FUSE filesystem for LXC.
         Starting Login Service...
cloud-init[1042]: +---[ECDSA 256]---+
         Starting LSB: MD monitoring daemon...
[[0;32m  OK  [0m] Started Snappy daemon.
         Starting Auto import assertions from block devices...[   24.409558] cloud-init[1042]: |       +         |
[   24.445611] cloud-init[1042]: |      = + .      |
[   24.446842] cloud-init[1042]: |     = = = + .   |
[   24.449193] cloud-init[1042]: |    + *oo.* . o  |

[[0;32m  OK  [0m] Started System Logging Service.
[[0;32m  OK  [0m] Started /etc/rc.local Compatibility.
[   24.455630] cloud-init[1042]: |     * +S.o+ o   |
[[0;32m  OK  [0m] Started iSCSI initiator daemon (iscsid).
[   24.511169] cloud-init[1042]: |    o = ==o o    |
[   24.530632] cloud-init[1042]: |     + B.o +     |
[   24.534785] cloud-init[1042]: |      *.+.+.     |
[   24.549764] cloud-init[1042]: |     .E+o+o      |
[   24.555237] cloud-init[1042]: +----[SHA256]-----+
[   24.574906] cloud-init[1042]: Generating public/private ed25519 key pair.
[   24.596281] cloud-init[1042]: Your identification has been saved in /etc/ssh/ssh_host_ed25519_key.
[   24.596577] cloud-init[1042]: Your public key has been saved in /etc/ssh/ssh_host_ed25519_key.pub.
[   24.596621] cloud-init[1042]: The key fingerprint is:
[   24.596653] cloud-init[1042]: SHA256:Bc8BRw7+WU3dEq5zNhgtpcPgJcMfSgtmgDa6fq8H2a8 root@ubuntu-xenial
[   24.596684] cloud-init[1042]: The key's randomart image is:
[   24.596714] cloud-init[1042]: +--[ED25519 256]--+
[   24.596744] cloud-init[1042]: |     ...++B . +o.|
[   24.596774] cloud-init[1042]: |    +  .+OoB.B. o|
[   24.596803] cloud-init[1042]: |   o . o.o*+B.+. |
[   24.596832] cloud-init[1042]: |  .      ooo.*   |
[   24.596860] cloud-init[1042]: |   . o  S o + +  |
[   24.596896] cloud-init[1042]: |  . o .      + . |
[   24.596925] cloud-init[1042]: | .   . .         |
[   24.596953] cloud-init[1042]: |  . . . .        |
[   24.597421] cloud-init[1042]: |   ..+E.         |
[   24.597476] cloud-init[1042]: +----[SHA256]-----+
[[0;32m  OK  [0m] Started LXD - container startup/shutdown.
[[0;32m  OK  [0m] Started Auto import assertions from block devices.
[[0;32m  OK  [0m] Started Login Service.
         Starting Authenticate and Authorize Users to Run Privileged Tasks...
         Starting Login to default iSCSI targets...
[[0;32m  OK  [0m] Started LSB: Record successful boot for GRUB.
[[0;32m  OK  [0m] Started LSB: MD monitoring daemon.
[[0;32m  OK  [0m] Started Authenticate and Authorize Users to Run Privileged Tasks.
[[0;32m  OK  [0m] Started Accounts Service.
[[0;32m  OK  [0m] Started Login to default iSCSI targets.
[[0;32m  OK  [0m] Reached target Remote File Systems (Pre).
[[0;32m  OK  [0m] Reached target Remote File Systems.
         Starting Permit User Sessions...
         Starting LSB: Set the CPU Frequency Scaling governor to "ondemand"...
         Starting LSB: daemon to balance interrupts for SMP systems...
         Starting LSB: VirtualBox Linux Additions...
         Starting LSB: automatic crash report generation...
[[0;32m  OK  [0m] Started Permit User Sessions.
         Starting Terminate Plymouth Boot Screen...
         Starting Hold until boot process finishes up...
[[0;32m  OK  [0m] Started LSB: Set the CPU Frequency Scaling governor to "ondemand".
[[0;32m  OK  [0m] Started LSB: daemon to balance interrupts for SMP systems.
[[0;32m  OK  [0m] Started Pollinate to seed the pseudo random number generator.
[[0;32m  OK  [0m] Started LSB: automatic crash report generation.
[[0;32m  OK  [0m] Started Terminate Plymouth Boot Screen.
[[0;32m  OK  [0m] Started Hold until boot process finishes up.
         Starting Set console scheme...
[[0;32m  OK  [0m] Started Serial Getty on ttyS0.
[[0;32m  OK  [0m] Started Getty on tty1.
[[0;32m  OK  [0m] Reached target Login Prompts.
         Starting OpenBSD Secure Shell server...
[[0;32m  OK  [0m] Started LSB: VirtualBox Linux Additions.
[[0;32m  OK  [0m] Started Set console scheme.
[[0;32m  OK  [0m] Started OpenBSD Secure Shell server.
[[0;32m  OK  [0m] Reached target Multi-User System.
[[0;32m  OK  [0m] Reached target Graphical Interface.
         Starting Update UTMP about System Runlevel Changes...
[[0;32m  OK  [0m] Started Update UTMP about System Runlevel Changes.
[   25.686069] cloud-init[1144]: Generating locales (this might take a while)...
[   26.706230] cloud-init[1144]:   en_US.UTF-8... done
[   26.716034] cloud-init[1144]: Generation complete.
         Stopping OpenBSD Secure Shell server...
[[0;32m  OK  [0m] Stopped OpenBSD Secure Shell server.
         Starting OpenBSD Secure Shell server...
[[0;32m  OK  [0m] Started OpenBSD Secure Shell server.
[   27.518659] cloud-init[1144]: Cloud-init v. 0.7.9 running 'modules:config' at Tue, 25 Apr 2017 15:50:30 +0000. Up 25.58 seconds.
[[0;32m  OK  [0m] Started Apply the settings specified in cloud-config.
         Starting Execute cloud user/final scripts...
ci-info: no authorized ssh keys fingerprints found for user ubuntu.
<14>Apr 25 15:50:32 ec2: 
<14>Apr 25 15:50:32 ec2: #############################################################
<14>Apr 25 15:50:32 ec2: -----BEGIN SSH HOST KEY FINGERPRINTS-----
<14>Apr 25 15:50:32 ec2: 1024 SHA256:R6rEElWGo0h5Ol4zo8VOgafdmo0OvclWiw89nAAX8JM root@ubuntu-xenial (DSA)
<14>Apr 25 15:50:32 ec2: 256 SHA256:J8zT+mkF+WWIO4oFmG2R1rydJPLo/viXEjid8jhQsu8 root@ubuntu-xenial (ECDSA)
<14>Apr 25 15:50:32 ec2: 256 SHA256:Bc8BRw7+WU3dEq5zNhgtpcPgJcMfSgtmgDa6fq8H2a8 root@ubuntu-xenial (ED25519)
<14>Apr 25 15:50:32 ec2: 2048 SHA256:9T1SVtN8NkTajUkJqVH00CAWfGHK/02/mvGgSzfsubQ root@ubuntu-xenial (RSA)
<14>Apr 25 15:50:32 ec2: -----END SSH HOST KEY FINGERPRINTS-----
<14>Apr 25 15:50:32 ec2: #############################################################
-----BEGIN SSH HOST KEY KEYS-----
ecdsa-sha2-nistp256 AAAAE2VjZHNhLXNoYTItbmlzdHAyNTYAAAAIbmlzdHAyNTYAAABBBFNCvh0KD3GjzmJQpCwPr2/M2oWEBqi9eLNpGzSETRsDBp9/hah8L8oqcoK/89oNJ2YlEsGk/OG+uVeeBc21dwA= root@ubuntu-xenial
ssh-ed25519 AAAAC3NzaC1lZDI1NTE5AAAAICaaxWvibOnvmTQq5k7ix8vQQ/P9PUl8TYf5WelRZ4NE root@ubuntu-xenial
ssh-rsa AAAAB3NzaC1yc2EAAAADAQABAAABAQD1lTQqMR6IMyBXCpFwzAFsILAyUA5dxfwjq4GXpfO+IXD26KuQhw6PapekzYu50YIlrlLQ91Au6Ho7P96pj0VZOpnBQkyzkETrYKOk4Pt7dWcr6jUK7v5B7PNQM8IcLLeNqaPUiKG8XczAGtqnj8R/bzcZtvCD1FCcTySsD7BRq9xuMEiMohl4FX9q7evznZj4AGXvjWOARruK3YKfJ9rUordvu+roc3RkeYVJtQoSGtydbVsOn07S6nEZlGjPQYUcCIFFKVQTVWYSzhXTL9Z2rDhHhnDxs5zL6McFuhB5Eg9AlcsWLtsdhdKwpQQD/C4+9j6afx7n3Iroxkl0Llu3 root@ubuntu-xenial
-----END SSH HOST KEY KEYS-----
[   28.149151] cloud-init[1424]: Cloud-init v. 0.7.9 running 'modules:final' at Tue, 25 Apr 2017 15:50:32 +0000. Up 27.90 seconds.
[   28.177414] cloud-init[1424]: ci-info: no authorized ssh keys fingerprints found for user ubuntu.
[   28.208533] cloud-init[1424]: Cloud-init v. 0.7.9 finished at Tue, 25 Apr 2017 15:50:32 +0000. Datasource DataSourceNoCloud [seed=/dev/sdb][dsmode=net].  Up 28.14 seconds
[[0;32m  OK  [0m] Started Execute cloud user/final scripts.
[[0;32m  OK  [0m] Reached target Cloud-init target.

Ubuntu 16.04.2 LTS ubuntu-xenial ttyS0

ubuntu-xenial login: 